[www.rakceramics.com/uk/en/sustainability/index.html]
[backblue.gif]
[fade.gif]
[index.html]
[cdn.roomvo.com/static/scripts/b2b/rakceramics.js]
[diix1yrt822hg.cloudfront.net/static/app.488e54b6bde863171b98.css]
[diix1yrt822hg.cloudfront.net/media/filer_public/5d/c1/5dc124ea-6d0f-43f5-9fad-0f97159adc43/generated_susatinability1.jpg.773.0x779.0_q80_crop_upscale.jpg]
[diix1yrt822hg.cloudfront.net/media/filer_public/14/24/1424e4c8-c380-44d9-97c6-4c5dc1c87907/1.jpg]
[diix1yrt822hg.cloudfront.net/media/filer_public/e4/f3/e4f3db7c-97b3-41cd-b654-8cd0306f3554/trees.jpg]
[diix1yrt822hg.cloudfront.net/media/filer_public/94/d3/94d3b768-40e5-4149-a402-e7739877ced6/recycle.jpg]
[diix1yrt822hg.cloudfront.net/media/filer_public/c4/67/c46723f7-a9a4-4c29-860b-9c2a8b765cc7/material_import-info_icon-01.png]
[diix1yrt822hg.cloudfront.net/media/filer_public/df/16/df1614b3-9151-425d-97fb-2281037a6fcc/packaging.png]
[diix1yrt822hg.cloudfront.net/media/filer_public/64/62/64629b47-c13a-4bcd-b91b-d1ee60f3182f/water.png]
[diix1yrt822hg.cloudfront.net/media/filer_public/6c/01/6c014f39-2265-4650-9dfb-b7869752ba4c/non-hazard.png]
[diix1yrt822hg.cloudfront.net/media/filer_public/16/d9/16d977a6-7c02-41a6-b01d-94ba48d25198/thermal_saving-info_icon-05.png]
[diix1yrt822hg.cloudfront.net/media/filer_public/a7/de/a7dea87e-453e-45f0-b8b9-fc291c01e2e2/power_saving-info_icon-06.png]
[diix1yrt822hg.cloudfront.net/media/filer_public/0f/da/0fda5738-3dc5-46f1-af00-c14500b58ce8/11.png]
[diix1yrt822hg.cloudfront.net/media/filer_public/27/7f/277f3ea7-f2ef-4056-a314-601c1edc766e/22.png]
[diix1yrt822hg.cloudfront.net/media/filer_public/d9/d7/d9d7b648-87f3-4de5-8627-017b29695220/33.png]
[diix1yrt822hg.cloudfront.net/media/filer_public/4e/ba/4ebaa53f-116e-4d8f-b1b6-4f738f66ce03/44.png]
[diix1yrt822hg.cloudfront.net/media/filer_public/74/a3/74a3b523-16fa-4c12-992c-2599f4241c42/reuse.jpg]
[diix1yrt822hg.cloudfront.net/media/filer_public/d9/d3/d9d38eb3-39ad-403e-aff7-420148707ff1/generated_bb.jpg.761.0x784.0_q80_crop_upscale.jpg]
[diix1yrt822hg.cloudfront.net/media/filer_public/25/05/25051250-1390-4aa9-99c1-b75d9bbd4087/aa.jpg]
[diix1yrt822hg.cloudfront.net/media/filer_public/3c/b0/3cb0aae1-e030-4127-9ba9-3dddeabcd493/generated_bb.jpg.761.0x784.0_q80_crop_upscale.jpg]
[diix1yrt822hg.cloudfront.net/media/filer_public/de/da/dedaad32-1830-441b-aecc-8a65983ec7eb/aa.jpg]
[diix1yrt822hg.cloudfront.net/media/filer_public/23/f9/23f91943-ea72-49b9-81da-35cd79b46d6e/generated_bb.jpg.761.0x784.0_q80_crop_upscale.jpg]
[diix1yrt822hg.cloudfront.net/media/filer_public/0e/d6/0ed6c90b-ee6d-4d4c-a407-c20beb10d2f3/bb.jpg]
[diix1yrt822hg.cloudfront.net/media/filer_public/9a/22/9a22843f-434e-49ba-a872-02ae6b155220/generated_bb.jpg.761.0x784.0_q80_crop_upscale.jpg]
[diix1yrt822hg.cloudfront.net/media/filer_public/53/f9/53f9be42-d724-4202-8bdc-d3c5c3755786/aa.jpg]
[diix1yrt822hg.cloudfront.net/media/filer_public/82/95/82955187-8d1b-4d01-a165-3f7880ae582b/generated_antislip_01.jpg.779.0x779.0_q80_crop_upscale.jpg]
[diix1yrt822hg.cloudfront.net/media/filer_public/f9/83/f983f1d4-aec2-4f23-914c-69384fb3b618/antislip_01.jpg]
[diix1yrt822hg.cloudfront.net/media/filer_public/cf/70/cf705e16-a39b-41a9-bb6b-fa01eb5f57d4/generated_orbit.jpg.779.0x779.0_q80_crop_upscale.jpg]
[diix1yrt822hg.cloudfront.net/media/filer_public/5f/43/5f4369b2-6726-4fa3-9cb3-0da1c0232b48/orbit.jpg]
[diix1yrt822hg.cloudfront.net/media/filer_public/55/54/55547dff-f571-48eb-94fa-2309caf49e93/1.jpg]
[diix1yrt822hg.cloudfront.net/media/filer_public/5d/f6/5df6626e-eb3d-4c32-9308-46dff4eb6d72/orbit.jpg]
[diix1yrt822hg.cloudfront.net/media/filer_public/8f/1f/8f1f2360-b0f2-459f-86ea-5684d77717b9/logo-recycled-green-new.jpg]
[diix1yrt822hg.cloudfront.net/media/filer_public/46/61/4661e134-aee0-4522-a9d7-77d295fe5ea2/cta_catalogue.png]
[diix1yrt822hg.cloudfront.net/media/filer_public/98/41/98415b29-451e-4112-ab1e-611e33ab6f11/impact-seal.jpg]
[diix1yrt822hg.cloudfront.net/media/filer_public/12/0c/120cffe8-ff7b-4810-899b-73a3b3035862/ecolabel-ras.jpg]
[diix1yrt822hg.cloudfront.net/media/filer_public/9a/40/9a401a88-08c5-4be6-8e32-b3fc4bf314dd/cl2abllo_450x450.jpg]
[diix1yrt822hg.cloudfront.net/media/filer_public/1b/89/1b89c2f4-6433-4e2d-a499-820bf172fd27/sustainability_logo.jpg]
[diix1yrt822hg.cloudfront.net/media/filer_public/fd/29/fd29aa65-5046-4e53-85a8-6cf62c6f2a1b/iso_50001_2.jpg]
[static.addtoany.com/menu/page.js]
[diix1yrt822hg.cloudfront.net/static/vendors.fa44ca51cbf97dfa8b80.js]
[www.rakceramics.com/uk/en/sustainability/index.html]
[diix1yrt822hg.cloudfront.net/static/app.03a33c6d5522dfad6cc8.js]
[diix1yrt822hg.cloudfront.net/static/static/df0d493ac3bf8937f3e2.gif]
[diix1yrt822hg.cloudfront.net/static/static/09d4e1b4a949d35caedb.gif]
[diix1yrt822hg.cloudfront.net/static/static/231a3fec72a21c683c493939.woff2]
[diix1yrt822hg.cloudfront.net/static/static/fc3d63941618d1a05a093939.woff]
[diix1yrt822hg.cloudfront.net/static/static/50ba20ca942d814be5ae.png]
[diix1yrt822hg.cloudfront.net/static/static/3518e64b21103e4b2d47.woff2]
[diix1yrt822hg.cloudfront.net/static/static/73384428b683c28cf309.woff]
[diix1yrt822hg.cloudfront.net/static/static/d41d7c2375d7f78e8305.woff2]
[diix1yrt822hg.cloudfront.net/static/static/5392ebf1da7f2d2d93fc.woff]
[diix1yrt822hg.cloudfront.net/static/static/02d30d49f061087e6275.woff2]
[diix1yrt822hg.cloudfront.net/static/static/40b4e64bce0f7fa6cc17.woff]
[diix1yrt822hg.cloudfront.net/static/static/b2be0bf638eacbb24415.woff2]
[diix1yrt822hg.cloudfront.net/static/static/539a38b92a09ffeabcb9.woff]
[diix1yrt822hg.cloudfront.net/static/static/13c404f85f4b8532e4e9.woff2]
[diix1yrt822hg.cloudfront.net/static/static/d42abfb2f0121bc1595b.woff]
[diix1yrt822hg.cloudfront.net/static/static/9641d5d087bc9e626d4c.woff2]
[diix1yrt822hg.cloudfront.net/static/static/c496ea9e1a7e635b4aec.woff]
[diix1yrt822hg.cloudfront.net/static/static/669df14acbd3a5a2fc5a.woff2]
[diix1yrt822hg.cloudfront.net/static/static/82d3f7aba75e7177d067.woff]
[diix1yrt822hg.cloudfront.net/static/static/cb95ec88d8a8c1288060.woff2]
[diix1yrt822hg.cloudfront.net/static/static/29bf4fcace0fcd375fe3.woff]
[diix1yrt822hg.cloudfront.net/static/static/7091c0aafa27af431ba7.woff2]
[diix1yrt822hg.cloudfront.net/static/static/29b66f2b3efa4d207d6f.woff]
[diix1yrt822hg.cloudfront.net/static/app.488e54b6bde863171b98.css]
[diix1yrt822hg.cloudfront.net/static/static/1d40a252ccf1dae81b0e.svg]
[diix1yrt822hg.cloudfront.net/static/static/4f75c672ffd9cd59f2a9.svg]
[diix1yrt822hg.cloudfront.net/static/static/0c72abc874f2de1ee29e.svg]
[www.rakceramics.comhttps_/diix1yrt822hg.cloudfront.net/static/themes/images/interface/logo/logo_og.png]
[www.googletagmanager.com/gtmed65.js]
